// Jest Snapshot v1, https://goo.gl/fbAQLP

exports[`DateTab match snapshot 1`] = `
{
  "asFragment": [Function],
  "baseElement": <body>
    <div>
      <div
        class="chakra-stack css-1sjyogq"
      >
        <button
          class="chakra-button css-k2jjqz"
          type="button"
        >
          <svg
            fill="currentColor"
            height="32"
            viewBox="0 0 256 256"
            width="32"
            xmlns="http://www.w3.org/2000/svg"
          >
            <path
              d="M128,24A104,104,0,1,0,232,128,104.11,104.11,0,0,0,128,24Zm0,192a88,88,0,1,1,88-88A88.1,88.1,0,0,1,128,216ZM149.66,93.66,115.31,128l34.35,34.34a8,8,0,0,1-11.32,11.32l-40-40a8,8,0,0,1,0-11.32l40-40a8,8,0,0,1,11.32,11.32Z"
            />
          </svg>
        </button>
        <p
          class="chakra-text css-in3yi3"
        >
          Wednesday Jan 1st
        </p>
        <button
          class="chakra-button css-k2jjqz"
          type="button"
        >
          <svg
            fill="currentColor"
            height="32"
            viewBox="0 0 256 256"
            width="32"
            xmlns="http://www.w3.org/2000/svg"
          >
            <path
              d="M128,24A104,104,0,1,0,232,128,104.11,104.11,0,0,0,128,24Zm0,192a88,88,0,1,1,88-88A88.1,88.1,0,0,1,128,216Zm29.66-93.66a8,8,0,0,1,0,11.32l-40,40a8,8,0,0,1-11.32-11.32L140.69,128,106.34,93.66a8,8,0,0,1,11.32-11.32Z"
            />
          </svg>
        </button>
      </div>
    </div>
  </body>,
  "container": <div>
    <div
      class="chakra-stack css-1sjyogq"
    >
      <button
        class="chakra-button css-k2jjqz"
        type="button"
      >
        <svg
          fill="currentColor"
          height="32"
          viewBox="0 0 256 256"
          width="32"
          xmlns="http://www.w3.org/2000/svg"
        >
          <path
            d="M128,24A104,104,0,1,0,232,128,104.11,104.11,0,0,0,128,24Zm0,192a88,88,0,1,1,88-88A88.1,88.1,0,0,1,128,216ZM149.66,93.66,115.31,128l34.35,34.34a8,8,0,0,1-11.32,11.32l-40-40a8,8,0,0,1,0-11.32l40-40a8,8,0,0,1,11.32,11.32Z"
          />
        </svg>
      </button>
      <p
        class="chakra-text css-in3yi3"
      >
        Wednesday Jan 1st
      </p>
      <button
        class="chakra-button css-k2jjqz"
        type="button"
      >
        <svg
          fill="currentColor"
          height="32"
          viewBox="0 0 256 256"
          width="32"
          xmlns="http://www.w3.org/2000/svg"
        >
          <path
            d="M128,24A104,104,0,1,0,232,128,104.11,104.11,0,0,0,128,24Zm0,192a88,88,0,1,1,88-88A88.1,88.1,0,0,1,128,216Zm29.66-93.66a8,8,0,0,1,0,11.32l-40,40a8,8,0,0,1-11.32-11.32L140.69,128,106.34,93.66a8,8,0,0,1,11.32-11.32Z"
          />
        </svg>
      </button>
    </div>
  </div>,
  "debug": [Function],
  "findAllByAltText": [Function],
  "findAllByDisplayValue": [Function],
  "findAllByLabelText": [Function],
  "findAllByPlaceholderText": [Function],
  "findAllByRole": [Function],
  "findAllByTestId": [Function],
  "findAllByText": [Function],
  "findAllByTitle": [Function],
  "findByAltText": [Function],
  "findByDisplayValue": [Function],
  "findByLabelText": [Function],
  "findByPlaceholderText": [Function],
  "findByRole": [Function],
  "findByTestId": [Function],
  "findByText": [Function],
  "findByTitle": [Function],
  "getAllByAltText": [Function],
  "getAllByDisplayValue": [Function],
  "getAllByLabelText": [Function],
  "getAllByPlaceholderText": [Function],
  "getAllByRole": [Function],
  "getAllByTestId": [Function],
  "getAllByText": [Function],
  "getAllByTitle": [Function],
  "getByAltText": [Function],
  "getByDisplayValue": [Function],
  "getByLabelText": [Function],
  "getByPlaceholderText": [Function],
  "getByRole": [Function],
  "getByTestId": [Function],
  "getByText": [Function],
  "getByTitle": [Function],
  "queryAllByAltText": [Function],
  "queryAllByDisplayValue": [Function],
  "queryAllByLabelText": [Function],
  "queryAllByPlaceholderText": [Function],
  "queryAllByRole": [Function],
  "queryAllByTestId": [Function],
  "queryAllByText": [Function],
  "queryAllByTitle": [Function],
  "queryByAltText": [Function],
  "queryByDisplayValue": [Function],
  "queryByLabelText": [Function],
  "queryByPlaceholderText": [Function],
  "queryByRole": [Function],
  "queryByTestId": [Function],
  "queryByText": [Function],
  "queryByTitle": [Function],
  "rerender": [Function],
  "unmount": [Function],
}
`;
